>>> from pyhistorian import *
>>> from should_dsl import DSLObject as _

>>> class NewScenario(Scenario):
...     @Given('I test it')
...     def i_test_it(self):
...         self.first_state = "it's been tested!"
...
...     @When('I say OK')
...     def i_say_ok(self):
...          self.second_state = 'I have said OK'
...
...     @Then("It's done")
...     def its_done(self):
...         print "It's done!"

>>> new_scenario = NewScenario('First Scenario')

>>> story = Story(as_a='programmer',
...               i_want_to='write this DSL',
...               so_that='I test this new stuff')
>>> story.add_scenario(new_scenario)
<pyhistorian.Story object at ...>

>>> story.run()
Story: Empty Story
As a programmer
I want to write this DSL
So that I test this new stuff
<BLANKLINE>
Scenario 1: First Scenario
  Given I test it   ... OK
  When I say OK   ... OK
It's done!
  Then It's done   ... OK

>>> new_scenario.first_state
"it's been tested!"

>>> new_scenario.second_state
'I have said OK'


>>> class TemplateScenario(Scenario):
...     @Given('I have a calculator')
...     def i_have_a_calculator(self):
...         pass
...
...     @When('I sum 1 to 1')
...     def i_sum_number1_to_number2(self):
...         self.sum = 1 + 1
...
...     @Then('the result is 2')
...     def the_result_is_result(self):
...         _(self.sum).should_be.equal_to(2)

>>> template_scenario = TemplateScenario('Second Scenario')

>>> template_story = Story(title='Second Test',
...                        as_a='programmer',
...                        i_want_to='write a test',
...                        so_that='I can become happy')
>>> template_story.add_scenario(template_scenario)
<pyhistorian.Story object at ...>

>>> template_story.run()
Story: Second Test
As a programmer
I want to write a test
So that I can become happy
<BLANKLINE>
Scenario 1: Second Scenario
  Given I have a calculator   ... OK
  When I sum 1 to 1   ... OK
  Then the result is 2   ... OK


>>> story = Story(title='Running two different scenarios',
...               as_a='programmer',
...               i_want_to='put two different scenarios in a story',
...               so_that='it run all right')
>>> (story
...      .add_scenario(new_scenario)
...      .add_scenario(template_scenario))
<pyhistorian.Story object at ...>

>>> story.run()
Story: Running two different scenarios
As a programmer
I want to put two different scenarios in a story
So that it run all right
<BLANKLINE>
Scenario 1: First Scenario
  Given I test it   ... OK
  When I say OK   ... OK
It's done!
  Then It's done   ... OK
<BLANKLINE>
Scenario 2: Second Scenario
  Given I have a calculator   ... OK
  When I sum 1 to 1   ... OK
  Then the result is 2   ... OK

>>> class ThirdScenario(Scenario):
...     @Given('it is the 3rd scenario')
...     def do_nothing(self):
...         pass
...
...     @When('I do nothing')
...     def do_nothing_again(self):
...         pass
...     @When("I don't know what to do")
...     def what_should_i_do(self):
...         self.what = 'write this software'
...
...     @Then('I go refactor this software')
...     def refactor(self):
...         pass
>>> third_scenario = ThirdScenario('It is my third scenario')

>>> story = Story(title='Showing how two whens become one when+and',
...               as_a='software developer',
...               i_want_to='improve my software',
...               so_that='everybody loves it')
>>> story.add_scenario(third_scenario)
<pyhistorian.Story object at ...>

>>> story.run()
Story: Showing how two whens become one when+and
As a software developer
I want to improve my software
So that everybody loves it
<BLANKLINE>
Scenario 1: It is my third scenario
  Given it is the 3rd scenario   ... OK
  When I do nothing   ... OK
  And I don't know what to do   ... OK
  Then I go refactor this software   ... OK


>>> class FailScenario(Scenario):
...     @Given('I wanna see FAILS and OKs')
...     def nothing(self): pass
...     
...     @When('I put a failing spec')
...     def failing_spec(self):
...         def divide_one_by_zero(): return 1/0
...         _(ZeroDivisionError).should_not_be.thrown_by(divide_one_by_zero)
...     @When('I put another failing spec')
...     def another_failing_spec(self):
...         raise Exception( 'raising Exception!' )
...     @When('I raise an empty exception')
...     def raise_empty_exception(self):
...         raise Exception
...     @Then('I see a FAIL in my output')
...     def where_is_fail(self):
...         pass

>>> fail_scenario = FailScenario('Failing Scenario')
>>> story = Story(title='foo',
...               as_a='x',
...               i_want_to='y',
...               so_that='z')
>>> story.add_scenario(fail_scenario)
<pyhistorian.Story object at ...>
>>> story.run()
Story: foo
As a x
I want to y
So that z
<BLANKLINE>
Scenario 1: Failing Scenario
Given I wanna see FAILS and OKs   ... OK
When I put a failing spec   ... FAIL
Then I see a FAIL in my output   ... OK
<BLANKLINE>
<BLANKLINE>
Fails:
  ...ZeroDivisionError... is thrown by <function divide_one_by_zero at ...>
  raising Exception!
  Exception ...Exception... was thrown!
>>>
